../Core/Src/W5500.c:73:6:GPIO_ResetBits	16	static
../Core/Src/W5500.c:77:6:GPIO_SetBits	16	static
../Core/Src/W5500.c:82:6:SPI_WriteByte	16	static
../Core/Src/W5500.c:89:6:SPI_WriteNBytes	16	static
../Core/Src/W5500.c:96:9:SPI_ReadByte	16	static
../Core/Src/W5500.c:102:6:SPI_ReadNByte	16	static
../Core/Src/W5500.c:108:6:SPI_CrisEnter	16	static,ignoring_inline_asm
../Core/Src/W5500.c:113:6:SPI_CRISExit	16	static,ignoring_inline_asm
../Core/Src/W5500.c:118:6:SPI_CS_Select	8	static
../Core/Src/W5500.c:122:6:SPI_CS_Deselect	8	static
../Core/Src/W5500.c:126:6:W5500_GPIO_EXTI_Callback	16	static
../Core/Src/W5500.c:274:6:SPI1_Send_Byte	16	static
../Core/Src/W5500.c:289:6:SPI1_Send_Short	16	static
../Core/Src/W5500.c:297:6:W5500_DMA_Send	16	static
../Core/Src/W5500.c:314:6:Write_W5500_1Byte	16	static
../Core/Src/W5500.c:333:6:Write_W5500_2Byte	16	static
../Core/Src/W5500.c:352:6:Write_W5500_nByte	24	static
../Core/Src/W5500.c:377:6:Write_W5500_SOCK_1Byte	16	static
../Core/Src/W5500.c:396:6:Write_W5500_SOCK_2Byte	16	static
../Core/Src/W5500.c:415:6:Write_W5500_SOCK_4Byte	16	static
../Core/Src/W5500.c:438:15:Read_W5500_1Byte	24	static
../Core/Src/W5500.c:465:15:Read_W5500_SOCK_1Byte	24	static
../Core/Src/W5500.c:491:16:Read_W5500_SOCK_2Byte	24	static
../Core/Src/W5500.c:519:16:Read_SOCK_Data_Buffer	40	static
../Core/Src/W5500.c:666:6:HAL_SPI_TxCpltCallback	16	static
../Core/Src/W5500.c:691:16:Write_SOCK_Data_Buffer_DMA	64	dynamic
../Core/Src/W5500.c:763:6:Write_SOCK_Data_Buffer	24	static
../Core/Src/W5500.c:831:6:W5500_Hardware_Reset	8	static
../Core/Src/W5500.c:851:6:W5500_Init	16	static
../Core/Src/W5500.c:912:15:Detect_Gateway	16	static
../Core/Src/W5500.c:995:6:Socket_Init	16	static
../Core/Src/W5500.c:1049:15:Socket_Connect	16	static
../Core/Src/W5500.c:1072:15:Socket_Listen	16	static
../Core/Src/W5500.c:1106:15:Socket_UDP	16	static
../Core/Src/W5500.c:1139:6:W5500_Interrupt_Process	16	static
../Core/Src/W5500.c:1214:6:W5500_Initialization	8	static
../Core/Src/W5500.c:1225:6:Load_Net_Parameters	4	static
../Core/Src/W5500.c:1272:6:Process_Socket_Data	24	static
../Core/Src/W5500.c:1294:6:W5500_Socket_Set	8	static
../Core/Src/W5500.c:1338:6:W5500_Socket1_Set	8	static
../Core/Src/W5500.c:1375:6:W5500_Send_Data	16	static
../Core/Src/W5500.c:1395:16:W5500_Send_Data_DMA	32	static
../Core/Src/W5500.c:1407:10:W5500_Rec_Listen	16	static
../Core/Src/W5500.c:1428:10:W5500_Rec_Listen_NO_INT	16	static
../Core/Src/W5500.c:1482:6:Socket0_Buffer_Empty	16	static
../Core/Src/W5500.c:1489:6:Socket_DPort_Change	16	static
../Core/Src/W5500.c:1493:6:Socket_DIP_Change	16	static
