20:59:33 **** Incremental Build of configuration Debug for project uart4_demo ****
make -j6 all 
arm-none-eabi-gcc "../Core/Src/tim.c" -mcpu=cortex-m4 -std=gnu11 -g3 -DDEBUG -DUSE_HAL_DRIVER -DSTM32L496xx -c -I../Core/Inc -I../Drivers/STM32L4xx_HAL_Driver/Inc -I../Drivers/STM32L4xx_HAL_Driver/Inc/Legacy -I../Drivers/CMSIS/Device/ST/STM32L4xx/Include -I../Drivers/CMSIS/Include -O0 -ffunction-sections -fdata-sections -Wall -fstack-usage -MMD -MP -MF"Core/Src/tim.d" -MT"Core/Src/tim.o" --specs=nano.specs -mfpu=fpv4-sp-d16 -mfloat-abi=hard -mthumb -o "Core/Src/tim.o"
arm-none-eabi-gcc -o "uart4_demo.elf" @"objects.list"   -mcpu=cortex-m4 -T"E:\uart4_demo\STM32L496RGTX_FLASH.ld" --specs=nosys.specs -Wl,-Map="uart4_demo.map" -Wl,--gc-sections -static --specs=nano.specs -mfpu=fpv4-sp-d16 -mfloat-abi=hard -mthumb -Wl,--start-group -lc -lm -Wl,--end-group
Finished building target: uart4_demo.elf
 
arm-none-eabi-size   uart4_demo.elf 
arm-none-eabi-objdump -h -S  uart4_demo.elf  > "uart4_demo.list"
arm-none-eabi-objcopy  -O binary  uart4_demo.elf  "uart4_demo.bin"
   text	   data	    bss	    dec	    hex	filename
  18860	   1320	   1952	  22132	   5674	uart4_demo.elf
Finished building: default.size.stdout
 
Finished building: uart4_demo.bin
 
Finished building: uart4_demo.list
 

20:59:34 Build Finished. 0 errors, 0 warnings. (took 884ms)

